  Determining projects to restore...
/Volumes/Backup/Projects/Innovt/Innovt.Platform/src/Innovt.Cloud.AWS/Innovt.Cloud.AWS.csproj : warning NU1510: PackageReference System.Text.Json will not be pruned. Consider removing this package from your dependencies, as it is likely unnecessary. [/Volumes/Backup/Projects/Innovt/Innovt.Platform/src/Innovt.Platform.sln]
/Volumes/Backup/Projects/Innovt/Innovt.Platform/src/Innovt.Cloud.AWS.Dynamo/Innovt.Cloud.AWS.Dynamo.csproj : warning NU1510: PackageReference System.Diagnostics.DiagnosticSource will not be pruned. Consider removing this package from your dependencies, as it is likely unnecessary. [/Volumes/Backup/Projects/Innovt/Innovt.Platform/src/Innovt.Platform.sln]
/Volumes/Backup/Projects/Innovt/Innovt.Platform/src/Innovt.Cloud.AWS.Cognito/Innovt.Cloud.AWS.Cognito.csproj : warning NU1510: PackageReference System.Diagnostics.DiagnosticSource will not be pruned. Consider removing this package from your dependencies, as it is likely unnecessary. [/Volumes/Backup/Projects/Innovt/Innovt.Platform/src/Innovt.Platform.sln]
/Volumes/Backup/Projects/Innovt/Innovt.Platform/src/Innovt.Cloud.AWS.StepFunction/Innovt.Cloud.AWS.StepFunction.csproj : warning NU1510: PackageReference System.Diagnostics.DiagnosticSource will not be pruned. Consider removing this package from your dependencies, as it is likely unnecessary. [/Volumes/Backup/Projects/Innovt/Innovt.Platform/src/Innovt.Platform.sln]
/Volumes/Backup/Projects/Innovt/Innovt.Platform/src/Innovt.HttpClient.Core/Innovt.HttpClient.Core.csproj : warning NU1510: PackageReference System.Text.Json will not be pruned. Consider removing this package from your dependencies, as it is likely unnecessary. [/Volumes/Backup/Projects/Innovt/Innovt.Platform/src/Innovt.Platform.sln]
/Volumes/Backup/Projects/Innovt/Innovt.Platform/src/Innovt.Cloud.AWS.Lambda.Kinesis/Innovt.Cloud.AWS.Lambda.Kinesis.csproj : warning NU1510: PackageReference System.Text.Json will not be pruned. Consider removing this package from your dependencies, as it is likely unnecessary. [/Volumes/Backup/Projects/Innovt/Innovt.Platform/src/Innovt.Platform.sln]
/Volumes/Backup/Projects/Innovt/Innovt.Platform/src/Innovt.Data.EFCore.PostgreSQL/Innovt.Data.EFCore.PostgreSQL.csproj : warning NU1608: Detected package version outside of dependency constraint: Npgsql.EntityFrameworkCore.PostgreSQL 9.0.4 requires Microsoft.EntityFrameworkCore (>= 9.0.1 && < 10.0.0) but version Microsoft.EntityFrameworkCore 10.0.0 was resolved. [/Volumes/Backup/Projects/Innovt/Innovt.Platform/src/Innovt.Platform.sln]
/Volumes/Backup/Projects/Innovt/Innovt.Platform/src/Innovt.Cloud.AWS.Lambda/Innovt.Cloud.AWS.Lambda.csproj : warning NU1510: PackageReference System.Diagnostics.DiagnosticSource will not be pruned. Consider removing this package from your dependencies, as it is likely unnecessary. [/Volumes/Backup/Projects/Innovt/Innovt.Platform/src/Innovt.Platform.sln]
/Volumes/Backup/Projects/Innovt/Innovt.Platform/src/Innovt.Cloud.AWS.Cognito/Innovt.Cloud.AWS.Cognito.csproj : warning NU1510: PackageReference System.Text.Json will not be pruned. Consider removing this package from your dependencies, as it is likely unnecessary. [/Volumes/Backup/Projects/Innovt/Innovt.Platform/src/Innovt.Platform.sln]
/Volumes/Backup/Projects/Innovt/Innovt.Platform/src/Innovt.Cloud.AWS.Lambda.S3/Innovt.Cloud.AWS.Lambda.S3.csproj : warning NU1510: PackageReference System.Text.Json will not be pruned. Consider removing this package from your dependencies, as it is likely unnecessary. [/Volumes/Backup/Projects/Innovt/Innovt.Platform/src/Innovt.Platform.sln]
/Volumes/Backup/Projects/Innovt/Innovt.Platform/src/Innovt.Cloud.AWS.Kinesis/Innovt.Cloud.AWS.Kinesis.csproj : warning NU1510: PackageReference System.Diagnostics.DiagnosticSource will not be pruned. Consider removing this package from your dependencies, as it is likely unnecessary. [/Volumes/Backup/Projects/Innovt/Innovt.Platform/src/Innovt.Platform.sln]
/Volumes/Backup/Projects/Innovt/Innovt.Platform/src/Innovt.Cloud.AWS.Kinesis/Innovt.Cloud.AWS.Kinesis.csproj : warning NU1510: PackageReference System.Text.Json will not be pruned. Consider removing this package from your dependencies, as it is likely unnecessary. [/Volumes/Backup/Projects/Innovt/Innovt.Platform/src/Innovt.Platform.sln]
/Volumes/Backup/Projects/Innovt/Innovt.Platform/src/Innovt.Cloud.AWS.Tests/Innovt.Cloud.AWS.Tests.csproj : warning NU1510: PackageReference System.Diagnostics.DiagnosticSource will not be pruned. Consider removing this package from your dependencies, as it is likely unnecessary. [/Volumes/Backup/Projects/Innovt/Innovt.Platform/src/Innovt.Platform.sln]
/Volumes/Backup/Projects/Innovt/Innovt.Platform/src/Innovt.Cloud.AWS.Lambda.Sqs/Innovt.Cloud.AWS.Lambda.Sqs.csproj : warning NU1510: PackageReference System.Text.Json will not be pruned. Consider removing this package from your dependencies, as it is likely unnecessary. [/Volumes/Backup/Projects/Innovt/Innovt.Platform/src/Innovt.Platform.sln]
/Volumes/Backup/Projects/Innovt/Innovt.Platform/src/Innovt.Core/Innovt.Core.csproj : warning NU1510: PackageReference System.Text.Json will not be pruned. Consider removing this package from your dependencies, as it is likely unnecessary. [/Volumes/Backup/Projects/Innovt/Innovt.Platform/src/Innovt.Platform.sln]
/Volumes/Backup/Projects/Innovt/Innovt.Platform/src/Innovt.Cloud.AWS.SQS/Innovt.Cloud.AWS.SQS.csproj : warning NU1510: PackageReference System.Diagnostics.DiagnosticSource will not be pruned. Consider removing this package from your dependencies, as it is likely unnecessary. [/Volumes/Backup/Projects/Innovt/Innovt.Platform/src/Innovt.Platform.sln]
/Volumes/Backup/Projects/Innovt/Innovt.Platform/src/Innovt.Cloud.AWS.S3/Innovt.Cloud.AWS.S3.csproj : warning NU1510: PackageReference System.Diagnostics.DiagnosticSource will not be pruned. Consider removing this package from your dependencies, as it is likely unnecessary. [/Volumes/Backup/Projects/Innovt/Innovt.Platform/src/Innovt.Platform.sln]
/Volumes/Backup/Projects/Innovt/Innovt.Platform/src/Innovt.Cloud.AWS.Caching/Innovt.Cloud.AWS.Caching.csproj : warning NU1510: PackageReference System.Diagnostics.DiagnosticSource will not be pruned. Consider removing this package from your dependencies, as it is likely unnecessary. [/Volumes/Backup/Projects/Innovt/Innovt.Platform/src/Innovt.Platform.sln]
/Volumes/Backup/Projects/Innovt/Innovt.Platform/src/Innovt.Cloud.AWS.Caching/Innovt.Cloud.AWS.Caching.csproj : warning NU1510: PackageReference System.Text.Json will not be pruned. Consider removing this package from your dependencies, as it is likely unnecessary. [/Volumes/Backup/Projects/Innovt/Innovt.Platform/src/Innovt.Platform.sln]
/Volumes/Backup/Projects/Innovt/Innovt.Platform/src/Innovt.AspNetCore/Innovt.AspNetCore.csproj : warning NU1510: PackageReference Microsoft.Extensions.Configuration will not be pruned. Consider removing this package from your dependencies, as it is likely unnecessary. [/Volumes/Backup/Projects/Innovt/Innovt.Platform/src/Innovt.Platform.sln]
/Volumes/Backup/Projects/Innovt/Innovt.Platform/src/Innovt.AspNetCore/Innovt.AspNetCore.csproj : warning NU1510: PackageReference Microsoft.Extensions.Configuration.Binder will not be pruned. Consider removing this package from your dependencies, as it is likely unnecessary. [/Volumes/Backup/Projects/Innovt/Innovt.Platform/src/Innovt.Platform.sln]
/Volumes/Backup/Projects/Innovt/Innovt.Platform/src/Innovt.AspNetCore/Innovt.AspNetCore.csproj : warning NU1510: PackageReference Microsoft.Extensions.Configuration.Json will not be pruned. Consider removing this package from your dependencies, as it is likely unnecessary. [/Volumes/Backup/Projects/Innovt/Innovt.Platform/src/Innovt.Platform.sln]
/Volumes/Backup/Projects/Innovt/Innovt.Platform/src/Innovt.Data.Tests/Innovt.Data.Tests.csproj : warning NU1510: PackageReference System.Diagnostics.DiagnosticSource will not be pruned. Consider removing this package from your dependencies, as it is likely unnecessary. [/Volumes/Backup/Projects/Innovt/Innovt.Platform/src/Innovt.Platform.sln]
/Volumes/Backup/Projects/Innovt/Innovt.Platform/src/Innovt.Cloud.AWS.Lambda.Cognito.Events.Tests/Innovt.Cloud.AWS.Lambda.Cognito.Events.Tests.csproj : warning NU1510: PackageReference System.Diagnostics.DiagnosticSource will not be pruned. Consider removing this package from your dependencies, as it is likely unnecessary. [/Volumes/Backup/Projects/Innovt/Innovt.Platform/src/Innovt.Platform.sln]
/Volumes/Backup/Projects/Innovt/Innovt.Platform/src/Innovt.Cloud.AWS.Lambda.Cognito.Events/Innovt.Cloud.AWS.Lambda.Cognito.Events.csproj : warning NU1510: PackageReference System.Text.Json will not be pruned. Consider removing this package from your dependencies, as it is likely unnecessary. [/Volumes/Backup/Projects/Innovt/Innovt.Platform/src/Innovt.Platform.sln]
/Volumes/Backup/Projects/Innovt/Innovt.Platform/src/Innovt.Cloud.AWS.Lambda.Cognito/Innovt.Cloud.AWS.Lambda.Cognito.csproj : warning NU1510: PackageReference System.Text.Json will not be pruned. Consider removing this package from your dependencies, as it is likely unnecessary. [/Volumes/Backup/Projects/Innovt/Innovt.Platform/src/Innovt.Platform.sln]
  All projects are up-to-date for restore.
/Volumes/Backup/Projects/Innovt/Innovt.Platform/src/Innovt.Cloud.AWS.Lambda/Innovt.Cloud.AWS.Lambda.csproj : warning NU1510: PackageReference System.Diagnostics.DiagnosticSource will not be pruned. Consider removing this package from your dependencies, as it is likely unnecessary.
/Volumes/Backup/Projects/Innovt/Innovt.Platform/src/Innovt.Core/Innovt.Core.csproj : warning NU1510: PackageReference System.Text.Json will not be pruned. Consider removing this package from your dependencies, as it is likely unnecessary.
/Volumes/Backup/Projects/Innovt/Innovt.Platform/src/Innovt.Cloud.AWS/Innovt.Cloud.AWS.csproj : warning NU1510: PackageReference System.Text.Json will not be pruned. Consider removing this package from your dependencies, as it is likely unnecessary.
/Volumes/Backup/Projects/Innovt/Innovt.Platform/src/Innovt.Cloud.AWS.Cognito/Innovt.Cloud.AWS.Cognito.csproj : warning NU1510: PackageReference System.Diagnostics.DiagnosticSource will not be pruned. Consider removing this package from your dependencies, as it is likely unnecessary.
/Volumes/Backup/Projects/Innovt/Innovt.Platform/src/Innovt.Cloud.AWS.Cognito/Innovt.Cloud.AWS.Cognito.csproj : warning NU1510: PackageReference System.Text.Json will not be pruned. Consider removing this package from your dependencies, as it is likely unnecessary.
/Volumes/Backup/Projects/Innovt/Innovt.Platform/src/Innovt.Cloud.AWS.Dynamo/Innovt.Cloud.AWS.Dynamo.csproj : warning NU1510: PackageReference System.Diagnostics.DiagnosticSource will not be pruned. Consider removing this package from your dependencies, as it is likely unnecessary.
/Volumes/Backup/Projects/Innovt/Innovt.Platform/src/Innovt.Cloud.AWS.SQS/Innovt.Cloud.AWS.SQS.csproj : warning NU1510: PackageReference System.Diagnostics.DiagnosticSource will not be pruned. Consider removing this package from your dependencies, as it is likely unnecessary.
/Volumes/Backup/Projects/Innovt/Innovt.Platform/src/Innovt.AspNetCore/Innovt.AspNetCore.csproj : warning NU1510: PackageReference Microsoft.Extensions.Configuration will not be pruned. Consider removing this package from your dependencies, as it is likely unnecessary.
/Volumes/Backup/Projects/Innovt/Innovt.Platform/src/Innovt.AspNetCore/Innovt.AspNetCore.csproj : warning NU1510: PackageReference Microsoft.Extensions.Configuration.Binder will not be pruned. Consider removing this package from your dependencies, as it is likely unnecessary.
/Volumes/Backup/Projects/Innovt/Innovt.Platform/src/Innovt.AspNetCore/Innovt.AspNetCore.csproj : warning NU1510: PackageReference Microsoft.Extensions.Configuration.Json will not be pruned. Consider removing this package from your dependencies, as it is likely unnecessary.
/Volumes/Backup/Projects/Innovt/Innovt.Platform/src/Innovt.Cloud.AWS.S3/Innovt.Cloud.AWS.S3.csproj : warning NU1510: PackageReference System.Diagnostics.DiagnosticSource will not be pruned. Consider removing this package from your dependencies, as it is likely unnecessary.
/Volumes/Backup/Projects/Innovt/Innovt.Platform/src/Innovt.Cloud.AWS.Lambda.Kinesis/Innovt.Cloud.AWS.Lambda.Kinesis.csproj : warning NU1510: PackageReference System.Text.Json will not be pruned. Consider removing this package from your dependencies, as it is likely unnecessary.
/Volumes/Backup/Projects/Innovt/Innovt.Platform/src/Innovt.Cloud.AWS.Lambda.S3/Innovt.Cloud.AWS.Lambda.S3.csproj : warning NU1510: PackageReference System.Text.Json will not be pruned. Consider removing this package from your dependencies, as it is likely unnecessary.
  Innovt.Core -> /Volumes/Backup/Projects/Innovt/Innovt.Platform/src/Innovt.Core/bin/Debug/net10.0/Innovt.Core.dll
/Volumes/Backup/Projects/Innovt/Innovt.Platform/src/Innovt.Cloud.AWS.Kinesis/Innovt.Cloud.AWS.Kinesis.csproj : warning NU1510: PackageReference System.Diagnostics.DiagnosticSource will not be pruned. Consider removing this package from your dependencies, as it is likely unnecessary.
/Volumes/Backup/Projects/Innovt/Innovt.Platform/src/Innovt.Cloud.AWS.Kinesis/Innovt.Cloud.AWS.Kinesis.csproj : warning NU1510: PackageReference System.Text.Json will not be pruned. Consider removing this package from your dependencies, as it is likely unnecessary.
/Volumes/Backup/Projects/Innovt/Innovt.Platform/src/Innovt.Cloud.AWS.Lambda.Sqs/Innovt.Cloud.AWS.Lambda.Sqs.csproj : warning NU1510: PackageReference System.Text.Json will not be pruned. Consider removing this package from your dependencies, as it is likely unnecessary.
/Volumes/Backup/Projects/Innovt/Innovt.Platform/src/Innovt.Data.EFCore.PostgreSQL/Innovt.Data.EFCore.PostgreSQL.csproj : warning NU1608: Detected package version outside of dependency constraint: Npgsql.EntityFrameworkCore.PostgreSQL 9.0.4 requires Microsoft.EntityFrameworkCore (>= 9.0.1 && < 10.0.0) but version Microsoft.EntityFrameworkCore 10.0.0 was resolved.
  Innovt.Cloud.AWS.Lambda.CustomRuntime -> /Volumes/Backup/Projects/Innovt/Innovt.Platform/src/Innovt.Cloud.AWS.Lambda.CustomRuntime/bin/Debug/net10.0/Innovt.Cloud.AWS.Lambda.CustomRuntime.dll
/Volumes/Backup/Projects/Innovt/Innovt.Platform/src/Innovt.Core/Innovt.Core.csproj : warning NU1510: PackageReference System.Text.Json will not be pruned. Consider removing this package from your dependencies, as it is likely unnecessary.
/Volumes/Backup/Projects/Innovt/Innovt.Platform/src/Innovt.Cloud.AWS.StepFunction/Innovt.Cloud.AWS.StepFunction.csproj : warning NU1510: PackageReference System.Diagnostics.DiagnosticSource will not be pruned. Consider removing this package from your dependencies, as it is likely unnecessary.
/Volumes/Backup/Projects/Innovt/Innovt.Platform/src/Innovt.Cloud.AWS.Lambda.Cognito.Events/Innovt.Cloud.AWS.Lambda.Cognito.Events.csproj : warning NU1510: PackageReference System.Text.Json will not be pruned. Consider removing this package from your dependencies, as it is likely unnecessary.
/Volumes/Backup/Projects/Innovt/Innovt.Platform/src/Innovt.Data.Tests/Innovt.Data.Tests.csproj : warning NU1510: PackageReference System.Diagnostics.DiagnosticSource will not be pruned. Consider removing this package from your dependencies, as it is likely unnecessary.
/Volumes/Backup/Projects/Innovt/Innovt.Platform/src/Innovt.Cloud.AWS.Caching/Innovt.Cloud.AWS.Caching.csproj : warning NU1510: PackageReference System.Diagnostics.DiagnosticSource will not be pruned. Consider removing this package from your dependencies, as it is likely unnecessary.
/Volumes/Backup/Projects/Innovt/Innovt.Platform/src/Innovt.Cloud.AWS.Caching/Innovt.Cloud.AWS.Caching.csproj : warning NU1510: PackageReference System.Text.Json will not be pruned. Consider removing this package from your dependencies, as it is likely unnecessary.
/Volumes/Backup/Projects/Innovt/Innovt.Platform/src/Innovt.Cloud.AWS.Lambda.Cognito.Events.Tests/Innovt.Cloud.AWS.Lambda.Cognito.Events.Tests.csproj : warning NU1510: PackageReference System.Diagnostics.DiagnosticSource will not be pruned. Consider removing this package from your dependencies, as it is likely unnecessary.
/Volumes/Backup/Projects/Innovt/Innovt.Platform/src/Innovt.Cloud.AWS.Lambda.Cognito/Innovt.Cloud.AWS.Lambda.Cognito.csproj : warning NU1510: PackageReference System.Text.Json will not be pruned. Consider removing this package from your dependencies, as it is likely unnecessary.
/Volumes/Backup/Projects/Innovt/Innovt.Platform/src/Innovt.Cloud.AWS.Tests/Innovt.Cloud.AWS.Tests.csproj : warning NU1510: PackageReference System.Diagnostics.DiagnosticSource will not be pruned. Consider removing this package from your dependencies, as it is likely unnecessary.
/Volumes/Backup/Projects/Innovt/Innovt.Platform/src/Innovt.HttpClient.Core/Innovt.HttpClient.Core.csproj : warning NU1510: PackageReference System.Text.Json will not be pruned. Consider removing this package from your dependencies, as it is likely unnecessary.
  Innovt.Cloud.AWS.Lambda.Cognito.Events -> /Volumes/Backup/Projects/Innovt/Innovt.Platform/src/Innovt.Cloud.AWS.Lambda.Cognito.Events/bin/Debug/net10.0/Innovt.Cloud.AWS.Lambda.Cognito.Events.dll
  Innovt.Data.Migration -> /Volumes/Backup/Projects/Innovt/Innovt.Platform/src/Innovt.Data.Migration/bin/Debug/net10.0/Innovt.Data.Migration.dll
  Innovt.HttpClient.Core -> /Volumes/Backup/Projects/Innovt/Innovt.Platform/src/Innovt.HttpClient.Core/bin/Debug/net10.0/Innovt.HttpClient.Core.dll
  Innovt.CrossCutting.IOC -> /Volumes/Backup/Projects/Innovt/Innovt.Platform/src/Innovt.CrossCutting.IOC/bin/Debug/net10.0/Innovt.CrossCutting.IOC.dll
  Innovt.OpenTelemetry -> /Volumes/Backup/Projects/Innovt/Innovt.Platform/src/Innovt.OpenTelemetry/bin/Debug/net10.0/Innovt.OpenTelemetry.dll
  Innovt.Cloud -> /Volumes/Backup/Projects/Innovt/Innovt.Platform/src/Innovt.Cloud/bin/Debug/net10.0/Innovt.Cloud.dll
  Innovt.Notification.Core -> /Volumes/Backup/Projects/Innovt/Innovt.Platform/src/Innovt.Notification.Core/bin/Debug/net10.0/Innovt.Notification.Core.dll
  Innovt.Domain.Core -> /Volumes/Backup/Projects/Innovt/Innovt.Platform/src/Innovt.Domain.Core/bin/Debug/net10.0/Innovt.Domain.Core.dll
  Innovt.Job.Core -> /Volumes/Backup/Projects/Innovt/Innovt.Platform/src/Innovt.Job.Core/bin/Debug/net10.0/Innovt.Job.Core.dll
  Innovt.CrossCutting.Log.Serilog -> /Volumes/Backup/Projects/Innovt/Innovt.Platform/src/Innovt.CrossCutting.Log.Serilog/bin/Debug/net10.0/Innovt.CrossCutting.Log.Serilog.dll
/Volumes/Backup/Projects/Innovt/Innovt.Platform/src/Innovt.Cloud.AWS.Lambda.Cognito.Events/Innovt.Cloud.AWS.Lambda.Cognito.Events.csproj : warning NU1510: PackageReference System.Text.Json will not be pruned. Consider removing this package from your dependencies, as it is likely unnecessary.
  Innovt.Cqrs -> /Volumes/Backup/Projects/Innovt/Innovt.Platform/src/Innovt.Cqrs/bin/Debug/net10.0/Innovt.Cqrs.dll
  Innovt.Data -> /Volumes/Backup/Projects/Innovt/Innovt.Platform/src/Innovt.Data/bin/Debug/net10.0/Innovt.Data.dll
  Innovt.Domain -> /Volumes/Backup/Projects/Innovt/Innovt.Platform/src/Innovt.Domain/bin/Debug/net10.0/Innovt.Domain.dll
/Volumes/Backup/Projects/Innovt/Innovt.Platform/src/Innovt.HttpClient.Core/Innovt.HttpClient.Core.csproj : warning NU1510: PackageReference System.Text.Json will not be pruned. Consider removing this package from your dependencies, as it is likely unnecessary.
  Innovt.Cloud.AWS.Lambda -> /Volumes/Backup/Projects/Innovt/Innovt.Platform/src/Innovt.Cloud.AWS.Lambda/bin/Debug/net10.0/Innovt.Cloud.AWS.Lambda.dll
  Innovt.Cloud.AWS -> /Volumes/Backup/Projects/Innovt/Innovt.Platform/src/Innovt.Cloud.AWS/bin/Debug/net10.0/Innovt.Cloud.AWS.dll
  Innovt.Cloud.AWS.Lambda.Cognito.Events.Tests -> /Volumes/Backup/Projects/Innovt/Innovt.Platform/src/Innovt.Cloud.AWS.Lambda.Cognito.Events.Tests/bin/Debug/net10.0/Innovt.Cloud.AWS.Lambda.Cognito.Events.Tests.dll
  Innovt.CrossCutting.Log.Serilog.Tests -> /Volumes/Backup/Projects/Innovt/Innovt.Platform/src/Innovt.CrossCutting.Log.Serilog.Tests/bin/Debug/net10.0/Innovt.CrossCutting.Log.Serilog.Tests.dll
/Volumes/Backup/Projects/Innovt/Innovt.Platform/src/Innovt.Cloud.AWS/Innovt.Cloud.AWS.csproj : warning NU1510: PackageReference System.Text.Json will not be pruned. Consider removing this package from your dependencies, as it is likely unnecessary.
/Volumes/Backup/Projects/Innovt/Innovt.Platform/src/Innovt.Cloud.AWS.Lambda/Innovt.Cloud.AWS.Lambda.csproj : warning NU1510: PackageReference System.Diagnostics.DiagnosticSource will not be pruned. Consider removing this package from your dependencies, as it is likely unnecessary.
  Innovt.Job.Quartz -> /Volumes/Backup/Projects/Innovt/Innovt.Platform/src/Innovt.Job.Quartz/bin/Debug/net10.0/Innovt.Job.Quartz.dll
  Innovt.CrossCutting.IOC.Tests -> /Volumes/Backup/Projects/Innovt/Innovt.Platform/src/Innovt.CrossCutting.IOC.Tests/bin/Debug/net10.0/Innovt.CrossCutting.IOC.Tests.dll
  Innovt.Data.Tests -> /Volumes/Backup/Projects/Innovt/Innovt.Platform/src/Innovt.Data.Tests/bin/Debug/net10.0/Innovt.Data.Tests.dll
  Innovt.Core.Test -> /Volumes/Backup/Projects/Innovt/Innovt.Platform/src/Innovt.Core.Test/bin/Debug/net10.0/Innovt.Core.Test.dll
  Innovt.Cloud.AWS.Notification -> /Volumes/Backup/Projects/Innovt/Innovt.Platform/src/Innovt.Cloud.AWS.Notification/bin/Debug/net10.0/Innovt.Cloud.AWS.Notification.dll
  Innovt.Cloud.AWS.Caching -> /Volumes/Backup/Projects/Innovt/Innovt.Platform/src/Innovt.Cloud.AWS.Caching/bin/Debug/net10.0/Innovt.Cloud.AWS.Caching.dll
  Innovt.Cloud.AWS.S3 -> /Volumes/Backup/Projects/Innovt/Innovt.Platform/src/Innovt.Cloud.AWS.S3/bin/Debug/net10.0/Innovt.Cloud.AWS.S3.dll
  Innovt.Cloud.AWS.Cognito -> /Volumes/Backup/Projects/Innovt/Innovt.Platform/src/Innovt.Cloud.AWS.Cognito/bin/Debug/net10.0/Innovt.Cloud.AWS.Cognito.dll
  Innovt.Cloud.AWS.SQS -> /Volumes/Backup/Projects/Innovt/Innovt.Platform/src/Innovt.Cloud.AWS.SQS/bin/Debug/net10.0/Innovt.Cloud.AWS.SQS.dll
  Innovt.Cloud.AWS.Lambda.Sqs -> /Volumes/Backup/Projects/Innovt/Innovt.Platform/src/Innovt.Cloud.AWS.Lambda.Sqs/bin/Debug/net10.0/Innovt.Cloud.AWS.Lambda.Sqs.dll
  Innovt.Cloud.AWS.Lambda.Cognito -> /Volumes/Backup/Projects/Innovt/Innovt.Platform/src/Innovt.Cloud.AWS.Lambda.Cognito/bin/Debug/net10.0/Innovt.Cloud.AWS.Lambda.Cognito.dll
  Innovt.Cloud.AWS.StepFunction -> /Volumes/Backup/Projects/Innovt/Innovt.Platform/src/Innovt.Cloud.AWS.StepFunction/bin/Debug/net10.0/Innovt.Cloud.AWS.StepFunction.dll
  Innovt.Cloud.AWS.Lambda.S3 -> /Volumes/Backup/Projects/Innovt/Innovt.Platform/src/Innovt.Cloud.AWS.Lambda.S3/bin/Debug/net10.0/Innovt.Cloud.AWS.Lambda.S3.dll
  Innovt.Cloud.AWS.Lambda.Kinesis -> /Volumes/Backup/Projects/Innovt/Innovt.Platform/src/Innovt.Cloud.AWS.Lambda.Kinesis/bin/Debug/net10.0/Innovt.Cloud.AWS.Lambda.Kinesis.dll
/Volumes/Backup/Projects/Innovt/Innovt.Platform/src/Innovt.Cloud.AWS.Lambda.Sqs/Innovt.Cloud.AWS.Lambda.Sqs.csproj : warning NU1510: PackageReference System.Text.Json will not be pruned. Consider removing this package from your dependencies, as it is likely unnecessary.
/Volumes/Backup/Projects/Innovt/Innovt.Platform/src/Innovt.Cloud.AWS.Caching/Innovt.Cloud.AWS.Caching.csproj : warning NU1510: PackageReference System.Diagnostics.DiagnosticSource will not be pruned. Consider removing this package from your dependencies, as it is likely unnecessary.
/Volumes/Backup/Projects/Innovt/Innovt.Platform/src/Innovt.Cloud.AWS.Caching/Innovt.Cloud.AWS.Caching.csproj : warning NU1510: PackageReference System.Text.Json will not be pruned. Consider removing this package from your dependencies, as it is likely unnecessary.
  Innovt.Cloud.AWS.Tests -> /Volumes/Backup/Projects/Innovt/Innovt.Platform/src/Innovt.Cloud.AWS.Tests/bin/Debug/net10.0/Innovt.Cloud.AWS.Tests.dll
/Volumes/Backup/Projects/Innovt/Innovt.Platform/src/Innovt.Cloud.AWS.Cognito/Innovt.Cloud.AWS.Cognito.csproj : warning NU1510: PackageReference System.Diagnostics.DiagnosticSource will not be pruned. Consider removing this package from your dependencies, as it is likely unnecessary.
/Volumes/Backup/Projects/Innovt/Innovt.Platform/src/Innovt.Cloud.AWS.Cognito/Innovt.Cloud.AWS.Cognito.csproj : warning NU1510: PackageReference System.Text.Json will not be pruned. Consider removing this package from your dependencies, as it is likely unnecessary.
/Volumes/Backup/Projects/Innovt/Innovt.Platform/src/Innovt.Cloud.AWS.Lambda.Cognito/Innovt.Cloud.AWS.Lambda.Cognito.csproj : warning NU1510: PackageReference System.Text.Json will not be pruned. Consider removing this package from your dependencies, as it is likely unnecessary.
/Volumes/Backup/Projects/Innovt/Innovt.Platform/src/Innovt.Cloud.AWS.S3/Innovt.Cloud.AWS.S3.csproj : warning NU1510: PackageReference System.Diagnostics.DiagnosticSource will not be pruned. Consider removing this package from your dependencies, as it is likely unnecessary.
  Innovt.Cloud.AWS.Lambda.Tests -> /Volumes/Backup/Projects/Innovt/Innovt.Platform/src/Innovt.Cloud.AWS.Lambda.Tests/bin/Debug/net10.0/Innovt.Cloud.AWS.Lambda.Tests.dll
  Innovt.Cloud.AWS.Dynamo -> /Volumes/Backup/Projects/Innovt/Innovt.Platform/src/Innovt.Cloud.AWS.Dynamo/bin/Debug/net10.0/Innovt.Cloud.AWS.Dynamo.dll
  Innovt.Cloud.AWS.Kinesis -> /Volumes/Backup/Projects/Innovt/Innovt.Platform/src/Innovt.Cloud.AWS.Kinesis/bin/Debug/net10.0/Innovt.Cloud.AWS.Kinesis.dll
  Innovt.AspNetCore -> /Volumes/Backup/Projects/Innovt/Innovt.Platform/src/Innovt.AspNetCore/bin/Debug/net10.0/Innovt.AspNetCore.dll
  Innovt.Domain.Tests -> /Volumes/Backup/Projects/Innovt/Innovt.Platform/src/Innovt.Domain.Tests/bin/Debug/net10.0/Innovt.Domain.Tests.dll
  Innovt.Data.EFCore -> /Volumes/Backup/Projects/Innovt/Innovt.Platform/src/Innovt.Data.EFCore/bin/Debug/net10.0/Innovt.Data.EFCore.dll
/Volumes/Backup/Projects/Innovt/Innovt.Platform/src/Innovt.Cloud.AWS.Lambda.S3/Innovt.Cloud.AWS.Lambda.S3.csproj : warning NU1510: PackageReference System.Text.Json will not be pruned. Consider removing this package from your dependencies, as it is likely unnecessary.
  Innovt.Data.Ado -> /Volumes/Backup/Projects/Innovt/Innovt.Platform/src/Innovt.Data.Ado/bin/Debug/net10.0/Innovt.Data.Ado.dll
/Volumes/Backup/Projects/Innovt/Innovt.Platform/src/Innovt.AspNetCore/Innovt.AspNetCore.csproj : warning NU1510: PackageReference Microsoft.Extensions.Configuration will not be pruned. Consider removing this package from your dependencies, as it is likely unnecessary.
/Volumes/Backup/Projects/Innovt/Innovt.Platform/src/Innovt.Cloud.AWS.StepFunction/Innovt.Cloud.AWS.StepFunction.csproj : warning NU1510: PackageReference System.Diagnostics.DiagnosticSource will not be pruned. Consider removing this package from your dependencies, as it is likely unnecessary.
/Volumes/Backup/Projects/Innovt/Innovt.Platform/src/Innovt.AspNetCore/Innovt.AspNetCore.csproj : warning NU1510: PackageReference Microsoft.Extensions.Configuration.Binder will not be pruned. Consider removing this package from your dependencies, as it is likely unnecessary.
/Volumes/Backup/Projects/Innovt/Innovt.Platform/src/Innovt.AspNetCore/Innovt.AspNetCore.csproj : warning NU1510: PackageReference Microsoft.Extensions.Configuration.Json will not be pruned. Consider removing this package from your dependencies, as it is likely unnecessary.
/Volumes/Backup/Projects/Innovt/Innovt.Platform/src/Innovt.Cloud.AWS.Dynamo/Innovt.Cloud.AWS.Dynamo.csproj : warning NU1510: PackageReference System.Diagnostics.DiagnosticSource will not be pruned. Consider removing this package from your dependencies, as it is likely unnecessary.
/Volumes/Backup/Projects/Innovt/Innovt.Platform/src/Innovt.Cloud.AWS.Kinesis/Innovt.Cloud.AWS.Kinesis.csproj : warning NU1510: PackageReference System.Diagnostics.DiagnosticSource will not be pruned. Consider removing this package from your dependencies, as it is likely unnecessary.
/Volumes/Backup/Projects/Innovt/Innovt.Platform/src/Innovt.Cloud.AWS.Kinesis/Innovt.Cloud.AWS.Kinesis.csproj : warning NU1510: PackageReference System.Text.Json will not be pruned. Consider removing this package from your dependencies, as it is likely unnecessary.
  Lambda.Sample -> /Volumes/Backup/Projects/Innovt/Innovt.Platform/src/Lambda.Sample/bin/Debug/net10.0/Lambda.Sample.dll
/Volumes/Backup/Projects/Innovt/Innovt.Platform/src/Innovt.Cloud.AWS.Lambda.Kinesis/Innovt.Cloud.AWS.Lambda.Kinesis.csproj : warning NU1510: PackageReference System.Text.Json will not be pruned. Consider removing this package from your dependencies, as it is likely unnecessary.
/Volumes/Backup/Projects/Innovt/Innovt.Platform/src/Innovt.Cloud.AWS.SQS/Innovt.Cloud.AWS.SQS.csproj : warning NU1510: PackageReference System.Diagnostics.DiagnosticSource will not be pruned. Consider removing this package from your dependencies, as it is likely unnecessary.
  Innovt.Cloud.AWS.Lambda.Sqs.Tests -> /Volumes/Backup/Projects/Innovt/Innovt.Platform/src/Innovt.Cloud.AWS.Lambda.Sqs.Tests/bin/Debug/net10.0/Innovt.Cloud.AWS.Lambda.Sqs.Tests.dll
  Innovt.Cloud.AWS.S3.Tests -> /Volumes/Backup/Projects/Innovt/Innovt.Platform/src/Innovt.Cloud.AWS.S3.Tests/bin/Debug/net10.0/Innovt.Cloud.AWS.S3.Tests.dll
  Innovt.Cloud.AWS.SQS.Tests -> /Volumes/Backup/Projects/Innovt/Innovt.Platform/src/Innovt.Cloud.AWS.SQS.Tests/bin/Debug/net10.0/Innovt.Cloud.AWS.SQS.Tests.dll
  Innovt.AspNetCore.Tests -> /Volumes/Backup/Projects/Innovt/Innovt.Platform/src/Innovt.AspNetCore.Tests/bin/Debug/net10.0/Innovt.AspNetCore.Tests.dll
  Innovt.Cloud.AWS.Lambda.Kinesis.Tests -> /Volumes/Backup/Projects/Innovt/Innovt.Platform/src/Innovt.Cloud.AWS.Lambda.Kinesis.Tests/bin/Debug/net10.0/Innovt.Cloud.AWS.Lambda.Kinesis.Tests.dll
  Innovt.Data.EFCore.MsSql -> /Volumes/Backup/Projects/Innovt/Innovt.Platform/src/Innovt.Data.EFCore.MsSql/bin/Debug/net10.0/Innovt.Data.EFCore.MsSql.dll
  Innovt.Contrib.Authorization.Platform -> /Volumes/Backup/Projects/Innovt/Innovt.Platform/contrib/Innovt.Contrib.Authorization/Innovt.Contrib.Authorization.Platform/bin/Debug/net10.0/Innovt.Contrib.Authorization.Platform.dll
  Innovt.AspNetCore.Application.Tests -> /Volumes/Backup/Projects/Innovt/Innovt.Platform/src/Innovt.AspNetCore.Application.Tests/bin/Debug/net10.0/Innovt.AspNetCore.Application.Tests.dll
  Innovt.Data.EFCore.PostgreSQL -> /Volumes/Backup/Projects/Innovt/Innovt.Platform/src/Innovt.Data.EFCore.PostgreSQL/bin/Debug/net10.0/Innovt.Data.EFCore.PostgreSQL.dll
  Innovt.Data.EFCore.Oracle -> /Volumes/Backup/Projects/Innovt/Innovt.Platform/src/Innovt.Data.EFCore.Oracle/bin/Debug/net10.0/Innovt.Data.EFCore.Oracle.dll
  Innovt.Cloud.AWS.Cognito.Tests -> /Volumes/Backup/Projects/Innovt/Innovt.Platform/src/Innovt.Cloud.AWS.Cognito.Tests/bin/Debug/net10.0/Innovt.Cloud.AWS.Cognito.Tests.dll
  Innovt.Cloud.AWS.Kinesis.Tests -> /Volumes/Backup/Projects/Innovt/Innovt.Platform/src/Innovt.Cloud.AWS.Kinesis.Tests/bin/Debug/net10.0/Innovt.Cloud.AWS.Kinesis.Tests.dll
  Innovt.Cloud.AWS.Dynamo.Tests -> /Volumes/Backup/Projects/Innovt/Innovt.Platform/src/Innovt.Cloud.AWS.Dynamo.Tests/bin/Debug/net10.0/Innovt.Cloud.AWS.Dynamo.Tests.dll
  Innovt.Data.Ado.Tests -> /Volumes/Backup/Projects/Innovt/Innovt.Platform/src/Innovt.Data.Ado.Tests/bin/Debug/net10.0/Innovt.Data.Ado.Tests.dll
/Volumes/Backup/Projects/Innovt/Innovt.Platform/src/Innovt.Data.EFCore.PostgreSQL/Innovt.Data.EFCore.PostgreSQL.csproj : warning NU1608: Detected package version outside of dependency constraint: Npgsql.EntityFrameworkCore.PostgreSQL 9.0.4 requires Microsoft.EntityFrameworkCore (>= 9.0.1 && < 10.0.0) but version Microsoft.EntityFrameworkCore 10.0.0 was resolved.
  Innovt.Contrib.AuthorizationRoles.AspNetCore -> /Volumes/Backup/Projects/Innovt/Innovt.Platform/contrib/Innovt.Contrib.Authorization/Innovt.Contrib.AuthorizationRoles.AspNetCore/bin/Debug/net10.0/Innovt.Contrib.AuthorizationRoles.AspNetCore.dll
  Innovt.Contrib.Authorization.Platform.Tests -> /Volumes/Backup/Projects/Innovt/Innovt.Platform/src/Innovt.Contrib.Authorization.Platform.Tests/bin/Debug/net10.0/Innovt.Contrib.Authorization.Platform.Tests.dll

Build succeeded.

/Volumes/Backup/Projects/Innovt/Innovt.Platform/src/Innovt.Cloud.AWS/Innovt.Cloud.AWS.csproj : warning NU1510: PackageReference System.Text.Json will not be pruned. Consider removing this package from your dependencies, as it is likely unnecessary. [/Volumes/Backup/Projects/Innovt/Innovt.Platform/src/Innovt.Platform.sln]
/Volumes/Backup/Projects/Innovt/Innovt.Platform/src/Innovt.Cloud.AWS.Dynamo/Innovt.Cloud.AWS.Dynamo.csproj : warning NU1510: PackageReference System.Diagnostics.DiagnosticSource will not be pruned. Consider removing this package from your dependencies, as it is likely unnecessary. [/Volumes/Backup/Projects/Innovt/Innovt.Platform/src/Innovt.Platform.sln]
/Volumes/Backup/Projects/Innovt/Innovt.Platform/src/Innovt.Cloud.AWS.Cognito/Innovt.Cloud.AWS.Cognito.csproj : warning NU1510: PackageReference System.Diagnostics.DiagnosticSource will not be pruned. Consider removing this package from your dependencies, as it is likely unnecessary. [/Volumes/Backup/Projects/Innovt/Innovt.Platform/src/Innovt.Platform.sln]
/Volumes/Backup/Projects/Innovt/Innovt.Platform/src/Innovt.Cloud.AWS.StepFunction/Innovt.Cloud.AWS.StepFunction.csproj : warning NU1510: PackageReference System.Diagnostics.DiagnosticSource will not be pruned. Consider removing this package from your dependencies, as it is likely unnecessary. [/Volumes/Backup/Projects/Innovt/Innovt.Platform/src/Innovt.Platform.sln]
/Volumes/Backup/Projects/Innovt/Innovt.Platform/src/Innovt.HttpClient.Core/Innovt.HttpClient.Core.csproj : warning NU1510: PackageReference System.Text.Json will not be pruned. Consider removing this package from your dependencies, as it is likely unnecessary. [/Volumes/Backup/Projects/Innovt/Innovt.Platform/src/Innovt.Platform.sln]
/Volumes/Backup/Projects/Innovt/Innovt.Platform/src/Innovt.Cloud.AWS.Lambda.Kinesis/Innovt.Cloud.AWS.Lambda.Kinesis.csproj : warning NU1510: PackageReference System.Text.Json will not be pruned. Consider removing this package from your dependencies, as it is likely unnecessary. [/Volumes/Backup/Projects/Innovt/Innovt.Platform/src/Innovt.Platform.sln]
/Volumes/Backup/Projects/Innovt/Innovt.Platform/src/Innovt.Data.EFCore.PostgreSQL/Innovt.Data.EFCore.PostgreSQL.csproj : warning NU1608: Detected package version outside of dependency constraint: Npgsql.EntityFrameworkCore.PostgreSQL 9.0.4 requires Microsoft.EntityFrameworkCore (>= 9.0.1 && < 10.0.0) but version Microsoft.EntityFrameworkCore 10.0.0 was resolved. [/Volumes/Backup/Projects/Innovt/Innovt.Platform/src/Innovt.Platform.sln]
/Volumes/Backup/Projects/Innovt/Innovt.Platform/src/Innovt.Cloud.AWS.Lambda/Innovt.Cloud.AWS.Lambda.csproj : warning NU1510: PackageReference System.Diagnostics.DiagnosticSource will not be pruned. Consider removing this package from your dependencies, as it is likely unnecessary. [/Volumes/Backup/Projects/Innovt/Innovt.Platform/src/Innovt.Platform.sln]
/Volumes/Backup/Projects/Innovt/Innovt.Platform/src/Innovt.Cloud.AWS.Cognito/Innovt.Cloud.AWS.Cognito.csproj : warning NU1510: PackageReference System.Text.Json will not be pruned. Consider removing this package from your dependencies, as it is likely unnecessary. [/Volumes/Backup/Projects/Innovt/Innovt.Platform/src/Innovt.Platform.sln]
/Volumes/Backup/Projects/Innovt/Innovt.Platform/src/Innovt.Cloud.AWS.Lambda.S3/Innovt.Cloud.AWS.Lambda.S3.csproj : warning NU1510: PackageReference System.Text.Json will not be pruned. Consider removing this package from your dependencies, as it is likely unnecessary. [/Volumes/Backup/Projects/Innovt/Innovt.Platform/src/Innovt.Platform.sln]
/Volumes/Backup/Projects/Innovt/Innovt.Platform/src/Innovt.Cloud.AWS.Kinesis/Innovt.Cloud.AWS.Kinesis.csproj : warning NU1510: PackageReference System.Diagnostics.DiagnosticSource will not be pruned. Consider removing this package from your dependencies, as it is likely unnecessary. [/Volumes/Backup/Projects/Innovt/Innovt.Platform/src/Innovt.Platform.sln]
/Volumes/Backup/Projects/Innovt/Innovt.Platform/src/Innovt.Cloud.AWS.Kinesis/Innovt.Cloud.AWS.Kinesis.csproj : warning NU1510: PackageReference System.Text.Json will not be pruned. Consider removing this package from your dependencies, as it is likely unnecessary. [/Volumes/Backup/Projects/Innovt/Innovt.Platform/src/Innovt.Platform.sln]
/Volumes/Backup/Projects/Innovt/Innovt.Platform/src/Innovt.Cloud.AWS.Tests/Innovt.Cloud.AWS.Tests.csproj : warning NU1510: PackageReference System.Diagnostics.DiagnosticSource will not be pruned. Consider removing this package from your dependencies, as it is likely unnecessary. [/Volumes/Backup/Projects/Innovt/Innovt.Platform/src/Innovt.Platform.sln]
/Volumes/Backup/Projects/Innovt/Innovt.Platform/src/Innovt.Cloud.AWS.Lambda.Sqs/Innovt.Cloud.AWS.Lambda.Sqs.csproj : warning NU1510: PackageReference System.Text.Json will not be pruned. Consider removing this package from your dependencies, as it is likely unnecessary. [/Volumes/Backup/Projects/Innovt/Innovt.Platform/src/Innovt.Platform.sln]
/Volumes/Backup/Projects/Innovt/Innovt.Platform/src/Innovt.Core/Innovt.Core.csproj : warning NU1510: PackageReference System.Text.Json will not be pruned. Consider removing this package from your dependencies, as it is likely unnecessary. [/Volumes/Backup/Projects/Innovt/Innovt.Platform/src/Innovt.Platform.sln]
/Volumes/Backup/Projects/Innovt/Innovt.Platform/src/Innovt.Cloud.AWS.SQS/Innovt.Cloud.AWS.SQS.csproj : warning NU1510: PackageReference System.Diagnostics.DiagnosticSource will not be pruned. Consider removing this package from your dependencies, as it is likely unnecessary. [/Volumes/Backup/Projects/Innovt/Innovt.Platform/src/Innovt.Platform.sln]
/Volumes/Backup/Projects/Innovt/Innovt.Platform/src/Innovt.Cloud.AWS.S3/Innovt.Cloud.AWS.S3.csproj : warning NU1510: PackageReference System.Diagnostics.DiagnosticSource will not be pruned. Consider removing this package from your dependencies, as it is likely unnecessary. [/Volumes/Backup/Projects/Innovt/Innovt.Platform/src/Innovt.Platform.sln]
/Volumes/Backup/Projects/Innovt/Innovt.Platform/src/Innovt.Cloud.AWS.Caching/Innovt.Cloud.AWS.Caching.csproj : warning NU1510: PackageReference System.Diagnostics.DiagnosticSource will not be pruned. Consider removing this package from your dependencies, as it is likely unnecessary. [/Volumes/Backup/Projects/Innovt/Innovt.Platform/src/Innovt.Platform.sln]
/Volumes/Backup/Projects/Innovt/Innovt.Platform/src/Innovt.Cloud.AWS.Caching/Innovt.Cloud.AWS.Caching.csproj : warning NU1510: PackageReference System.Text.Json will not be pruned. Consider removing this package from your dependencies, as it is likely unnecessary. [/Volumes/Backup/Projects/Innovt/Innovt.Platform/src/Innovt.Platform.sln]
/Volumes/Backup/Projects/Innovt/Innovt.Platform/src/Innovt.AspNetCore/Innovt.AspNetCore.csproj : warning NU1510: PackageReference Microsoft.Extensions.Configuration will not be pruned. Consider removing this package from your dependencies, as it is likely unnecessary. [/Volumes/Backup/Projects/Innovt/Innovt.Platform/src/Innovt.Platform.sln]
/Volumes/Backup/Projects/Innovt/Innovt.Platform/src/Innovt.AspNetCore/Innovt.AspNetCore.csproj : warning NU1510: PackageReference Microsoft.Extensions.Configuration.Binder will not be pruned. Consider removing this package from your dependencies, as it is likely unnecessary. [/Volumes/Backup/Projects/Innovt/Innovt.Platform/src/Innovt.Platform.sln]
/Volumes/Backup/Projects/Innovt/Innovt.Platform/src/Innovt.AspNetCore/Innovt.AspNetCore.csproj : warning NU1510: PackageReference Microsoft.Extensions.Configuration.Json will not be pruned. Consider removing this package from your dependencies, as it is likely unnecessary. [/Volumes/Backup/Projects/Innovt/Innovt.Platform/src/Innovt.Platform.sln]
/Volumes/Backup/Projects/Innovt/Innovt.Platform/src/Innovt.Data.Tests/Innovt.Data.Tests.csproj : warning NU1510: PackageReference System.Diagnostics.DiagnosticSource will not be pruned. Consider removing this package from your dependencies, as it is likely unnecessary. [/Volumes/Backup/Projects/Innovt/Innovt.Platform/src/Innovt.Platform.sln]
/Volumes/Backup/Projects/Innovt/Innovt.Platform/src/Innovt.Cloud.AWS.Lambda.Cognito.Events.Tests/Innovt.Cloud.AWS.Lambda.Cognito.Events.Tests.csproj : warning NU1510: PackageReference System.Diagnostics.DiagnosticSource will not be pruned. Consider removing this package from your dependencies, as it is likely unnecessary. [/Volumes/Backup/Projects/Innovt/Innovt.Platform/src/Innovt.Platform.sln]
/Volumes/Backup/Projects/Innovt/Innovt.Platform/src/Innovt.Cloud.AWS.Lambda.Cognito.Events/Innovt.Cloud.AWS.Lambda.Cognito.Events.csproj : warning NU1510: PackageReference System.Text.Json will not be pruned. Consider removing this package from your dependencies, as it is likely unnecessary. [/Volumes/Backup/Projects/Innovt/Innovt.Platform/src/Innovt.Platform.sln]
/Volumes/Backup/Projects/Innovt/Innovt.Platform/src/Innovt.Cloud.AWS.Lambda.Cognito/Innovt.Cloud.AWS.Lambda.Cognito.csproj : warning NU1510: PackageReference System.Text.Json will not be pruned. Consider removing this package from your dependencies, as it is likely unnecessary. [/Volumes/Backup/Projects/Innovt/Innovt.Platform/src/Innovt.Platform.sln]
/Volumes/Backup/Projects/Innovt/Innovt.Platform/src/Innovt.Cloud.AWS.Lambda/Innovt.Cloud.AWS.Lambda.csproj : warning NU1510: PackageReference System.Diagnostics.DiagnosticSource will not be pruned. Consider removing this package from your dependencies, as it is likely unnecessary.
/Volumes/Backup/Projects/Innovt/Innovt.Platform/src/Innovt.Core/Innovt.Core.csproj : warning NU1510: PackageReference System.Text.Json will not be pruned. Consider removing this package from your dependencies, as it is likely unnecessary.
/Volumes/Backup/Projects/Innovt/Innovt.Platform/src/Innovt.Cloud.AWS/Innovt.Cloud.AWS.csproj : warning NU1510: PackageReference System.Text.Json will not be pruned. Consider removing this package from your dependencies, as it is likely unnecessary.
/Volumes/Backup/Projects/Innovt/Innovt.Platform/src/Innovt.Cloud.AWS.Cognito/Innovt.Cloud.AWS.Cognito.csproj : warning NU1510: PackageReference System.Diagnostics.DiagnosticSource will not be pruned. Consider removing this package from your dependencies, as it is likely unnecessary.
/Volumes/Backup/Projects/Innovt/Innovt.Platform/src/Innovt.Cloud.AWS.Cognito/Innovt.Cloud.AWS.Cognito.csproj : warning NU1510: PackageReference System.Text.Json will not be pruned. Consider removing this package from your dependencies, as it is likely unnecessary.
/Volumes/Backup/Projects/Innovt/Innovt.Platform/src/Innovt.Cloud.AWS.Dynamo/Innovt.Cloud.AWS.Dynamo.csproj : warning NU1510: PackageReference System.Diagnostics.DiagnosticSource will not be pruned. Consider removing this package from your dependencies, as it is likely unnecessary.
/Volumes/Backup/Projects/Innovt/Innovt.Platform/src/Innovt.Cloud.AWS.SQS/Innovt.Cloud.AWS.SQS.csproj : warning NU1510: PackageReference System.Diagnostics.DiagnosticSource will not be pruned. Consider removing this package from your dependencies, as it is likely unnecessary.
/Volumes/Backup/Projects/Innovt/Innovt.Platform/src/Innovt.AspNetCore/Innovt.AspNetCore.csproj : warning NU1510: PackageReference Microsoft.Extensions.Configuration will not be pruned. Consider removing this package from your dependencies, as it is likely unnecessary.
/Volumes/Backup/Projects/Innovt/Innovt.Platform/src/Innovt.AspNetCore/Innovt.AspNetCore.csproj : warning NU1510: PackageReference Microsoft.Extensions.Configuration.Binder will not be pruned. Consider removing this package from your dependencies, as it is likely unnecessary.
/Volumes/Backup/Projects/Innovt/Innovt.Platform/src/Innovt.AspNetCore/Innovt.AspNetCore.csproj : warning NU1510: PackageReference Microsoft.Extensions.Configuration.Json will not be pruned. Consider removing this package from your dependencies, as it is likely unnecessary.
/Volumes/Backup/Projects/Innovt/Innovt.Platform/src/Innovt.Cloud.AWS.S3/Innovt.Cloud.AWS.S3.csproj : warning NU1510: PackageReference System.Diagnostics.DiagnosticSource will not be pruned. Consider removing this package from your dependencies, as it is likely unnecessary.
/Volumes/Backup/Projects/Innovt/Innovt.Platform/src/Innovt.Cloud.AWS.Lambda.Kinesis/Innovt.Cloud.AWS.Lambda.Kinesis.csproj : warning NU1510: PackageReference System.Text.Json will not be pruned. Consider removing this package from your dependencies, as it is likely unnecessary.
/Volumes/Backup/Projects/Innovt/Innovt.Platform/src/Innovt.Cloud.AWS.Lambda.S3/Innovt.Cloud.AWS.Lambda.S3.csproj : warning NU1510: PackageReference System.Text.Json will not be pruned. Consider removing this package from your dependencies, as it is likely unnecessary.
/Volumes/Backup/Projects/Innovt/Innovt.Platform/src/Innovt.Cloud.AWS.Kinesis/Innovt.Cloud.AWS.Kinesis.csproj : warning NU1510: PackageReference System.Diagnostics.DiagnosticSource will not be pruned. Consider removing this package from your dependencies, as it is likely unnecessary.
/Volumes/Backup/Projects/Innovt/Innovt.Platform/src/Innovt.Cloud.AWS.Kinesis/Innovt.Cloud.AWS.Kinesis.csproj : warning NU1510: PackageReference System.Text.Json will not be pruned. Consider removing this package from your dependencies, as it is likely unnecessary.
/Volumes/Backup/Projects/Innovt/Innovt.Platform/src/Innovt.Cloud.AWS.Lambda.Sqs/Innovt.Cloud.AWS.Lambda.Sqs.csproj : warning NU1510: PackageReference System.Text.Json will not be pruned. Consider removing this package from your dependencies, as it is likely unnecessary.
/Volumes/Backup/Projects/Innovt/Innovt.Platform/src/Innovt.Data.EFCore.PostgreSQL/Innovt.Data.EFCore.PostgreSQL.csproj : warning NU1608: Detected package version outside of dependency constraint: Npgsql.EntityFrameworkCore.PostgreSQL 9.0.4 requires Microsoft.EntityFrameworkCore (>= 9.0.1 && < 10.0.0) but version Microsoft.EntityFrameworkCore 10.0.0 was resolved.
/Volumes/Backup/Projects/Innovt/Innovt.Platform/src/Innovt.Core/Innovt.Core.csproj : warning NU1510: PackageReference System.Text.Json will not be pruned. Consider removing this package from your dependencies, as it is likely unnecessary.
/Volumes/Backup/Projects/Innovt/Innovt.Platform/src/Innovt.Cloud.AWS.StepFunction/Innovt.Cloud.AWS.StepFunction.csproj : warning NU1510: PackageReference System.Diagnostics.DiagnosticSource will not be pruned. Consider removing this package from your dependencies, as it is likely unnecessary.
/Volumes/Backup/Projects/Innovt/Innovt.Platform/src/Innovt.Cloud.AWS.Lambda.Cognito.Events/Innovt.Cloud.AWS.Lambda.Cognito.Events.csproj : warning NU1510: PackageReference System.Text.Json will not be pruned. Consider removing this package from your dependencies, as it is likely unnecessary.
/Volumes/Backup/Projects/Innovt/Innovt.Platform/src/Innovt.Data.Tests/Innovt.Data.Tests.csproj : warning NU1510: PackageReference System.Diagnostics.DiagnosticSource will not be pruned. Consider removing this package from your dependencies, as it is likely unnecessary.
/Volumes/Backup/Projects/Innovt/Innovt.Platform/src/Innovt.Cloud.AWS.Caching/Innovt.Cloud.AWS.Caching.csproj : warning NU1510: PackageReference System.Diagnostics.DiagnosticSource will not be pruned. Consider removing this package from your dependencies, as it is likely unnecessary.
/Volumes/Backup/Projects/Innovt/Innovt.Platform/src/Innovt.Cloud.AWS.Caching/Innovt.Cloud.AWS.Caching.csproj : warning NU1510: PackageReference System.Text.Json will not be pruned. Consider removing this package from your dependencies, as it is likely unnecessary.
/Volumes/Backup/Projects/Innovt/Innovt.Platform/src/Innovt.Cloud.AWS.Lambda.Cognito.Events.Tests/Innovt.Cloud.AWS.Lambda.Cognito.Events.Tests.csproj : warning NU1510: PackageReference System.Diagnostics.DiagnosticSource will not be pruned. Consider removing this package from your dependencies, as it is likely unnecessary.
/Volumes/Backup/Projects/Innovt/Innovt.Platform/src/Innovt.Cloud.AWS.Lambda.Cognito/Innovt.Cloud.AWS.Lambda.Cognito.csproj : warning NU1510: PackageReference System.Text.Json will not be pruned. Consider removing this package from your dependencies, as it is likely unnecessary.
/Volumes/Backup/Projects/Innovt/Innovt.Platform/src/Innovt.Cloud.AWS.Tests/Innovt.Cloud.AWS.Tests.csproj : warning NU1510: PackageReference System.Diagnostics.DiagnosticSource will not be pruned. Consider removing this package from your dependencies, as it is likely unnecessary.
/Volumes/Backup/Projects/Innovt/Innovt.Platform/src/Innovt.HttpClient.Core/Innovt.HttpClient.Core.csproj : warning NU1510: PackageReference System.Text.Json will not be pruned. Consider removing this package from your dependencies, as it is likely unnecessary.
/Volumes/Backup/Projects/Innovt/Innovt.Platform/src/Innovt.Cloud.AWS.Lambda.Cognito.Events/Innovt.Cloud.AWS.Lambda.Cognito.Events.csproj : warning NU1510: PackageReference System.Text.Json will not be pruned. Consider removing this package from your dependencies, as it is likely unnecessary.
/Volumes/Backup/Projects/Innovt/Innovt.Platform/src/Innovt.HttpClient.Core/Innovt.HttpClient.Core.csproj : warning NU1510: PackageReference System.Text.Json will not be pruned. Consider removing this package from your dependencies, as it is likely unnecessary.
/Volumes/Backup/Projects/Innovt/Innovt.Platform/src/Innovt.Cloud.AWS/Innovt.Cloud.AWS.csproj : warning NU1510: PackageReference System.Text.Json will not be pruned. Consider removing this package from your dependencies, as it is likely unnecessary.
/Volumes/Backup/Projects/Innovt/Innovt.Platform/src/Innovt.Cloud.AWS.Lambda/Innovt.Cloud.AWS.Lambda.csproj : warning NU1510: PackageReference System.Diagnostics.DiagnosticSource will not be pruned. Consider removing this package from your dependencies, as it is likely unnecessary.
/Volumes/Backup/Projects/Innovt/Innovt.Platform/src/Innovt.Cloud.AWS.Lambda.Sqs/Innovt.Cloud.AWS.Lambda.Sqs.csproj : warning NU1510: PackageReference System.Text.Json will not be pruned. Consider removing this package from your dependencies, as it is likely unnecessary.
/Volumes/Backup/Projects/Innovt/Innovt.Platform/src/Innovt.Cloud.AWS.Caching/Innovt.Cloud.AWS.Caching.csproj : warning NU1510: PackageReference System.Diagnostics.DiagnosticSource will not be pruned. Consider removing this package from your dependencies, as it is likely unnecessary.
/Volumes/Backup/Projects/Innovt/Innovt.Platform/src/Innovt.Cloud.AWS.Caching/Innovt.Cloud.AWS.Caching.csproj : warning NU1510: PackageReference System.Text.Json will not be pruned. Consider removing this package from your dependencies, as it is likely unnecessary.
/Volumes/Backup/Projects/Innovt/Innovt.Platform/src/Innovt.Cloud.AWS.Cognito/Innovt.Cloud.AWS.Cognito.csproj : warning NU1510: PackageReference System.Diagnostics.DiagnosticSource will not be pruned. Consider removing this package from your dependencies, as it is likely unnecessary.
/Volumes/Backup/Projects/Innovt/Innovt.Platform/src/Innovt.Cloud.AWS.Cognito/Innovt.Cloud.AWS.Cognito.csproj : warning NU1510: PackageReference System.Text.Json will not be pruned. Consider removing this package from your dependencies, as it is likely unnecessary.
/Volumes/Backup/Projects/Innovt/Innovt.Platform/src/Innovt.Cloud.AWS.Lambda.Cognito/Innovt.Cloud.AWS.Lambda.Cognito.csproj : warning NU1510: PackageReference System.Text.Json will not be pruned. Consider removing this package from your dependencies, as it is likely unnecessary.
/Volumes/Backup/Projects/Innovt/Innovt.Platform/src/Innovt.Cloud.AWS.S3/Innovt.Cloud.AWS.S3.csproj : warning NU1510: PackageReference System.Diagnostics.DiagnosticSource will not be pruned. Consider removing this package from your dependencies, as it is likely unnecessary.
/Volumes/Backup/Projects/Innovt/Innovt.Platform/src/Innovt.Cloud.AWS.Lambda.S3/Innovt.Cloud.AWS.Lambda.S3.csproj : warning NU1510: PackageReference System.Text.Json will not be pruned. Consider removing this package from your dependencies, as it is likely unnecessary.
/Volumes/Backup/Projects/Innovt/Innovt.Platform/src/Innovt.AspNetCore/Innovt.AspNetCore.csproj : warning NU1510: PackageReference Microsoft.Extensions.Configuration will not be pruned. Consider removing this package from your dependencies, as it is likely unnecessary.
/Volumes/Backup/Projects/Innovt/Innovt.Platform/src/Innovt.Cloud.AWS.StepFunction/Innovt.Cloud.AWS.StepFunction.csproj : warning NU1510: PackageReference System.Diagnostics.DiagnosticSource will not be pruned. Consider removing this package from your dependencies, as it is likely unnecessary.
/Volumes/Backup/Projects/Innovt/Innovt.Platform/src/Innovt.AspNetCore/Innovt.AspNetCore.csproj : warning NU1510: PackageReference Microsoft.Extensions.Configuration.Binder will not be pruned. Consider removing this package from your dependencies, as it is likely unnecessary.
/Volumes/Backup/Projects/Innovt/Innovt.Platform/src/Innovt.AspNetCore/Innovt.AspNetCore.csproj : warning NU1510: PackageReference Microsoft.Extensions.Configuration.Json will not be pruned. Consider removing this package from your dependencies, as it is likely unnecessary.
/Volumes/Backup/Projects/Innovt/Innovt.Platform/src/Innovt.Cloud.AWS.Dynamo/Innovt.Cloud.AWS.Dynamo.csproj : warning NU1510: PackageReference System.Diagnostics.DiagnosticSource will not be pruned. Consider removing this package from your dependencies, as it is likely unnecessary.
/Volumes/Backup/Projects/Innovt/Innovt.Platform/src/Innovt.Cloud.AWS.Kinesis/Innovt.Cloud.AWS.Kinesis.csproj : warning NU1510: PackageReference System.Diagnostics.DiagnosticSource will not be pruned. Consider removing this package from your dependencies, as it is likely unnecessary.
/Volumes/Backup/Projects/Innovt/Innovt.Platform/src/Innovt.Cloud.AWS.Kinesis/Innovt.Cloud.AWS.Kinesis.csproj : warning NU1510: PackageReference System.Text.Json will not be pruned. Consider removing this package from your dependencies, as it is likely unnecessary.
/Volumes/Backup/Projects/Innovt/Innovt.Platform/src/Innovt.Cloud.AWS.Lambda.Kinesis/Innovt.Cloud.AWS.Lambda.Kinesis.csproj : warning NU1510: PackageReference System.Text.Json will not be pruned. Consider removing this package from your dependencies, as it is likely unnecessary.
/Volumes/Backup/Projects/Innovt/Innovt.Platform/src/Innovt.Cloud.AWS.SQS/Innovt.Cloud.AWS.SQS.csproj : warning NU1510: PackageReference System.Diagnostics.DiagnosticSource will not be pruned. Consider removing this package from your dependencies, as it is likely unnecessary.
/Volumes/Backup/Projects/Innovt/Innovt.Platform/src/Innovt.Data.EFCore.PostgreSQL/Innovt.Data.EFCore.PostgreSQL.csproj : warning NU1608: Detected package version outside of dependency constraint: Npgsql.EntityFrameworkCore.PostgreSQL 9.0.4 requires Microsoft.EntityFrameworkCore (>= 9.0.1 && < 10.0.0) but version Microsoft.EntityFrameworkCore 10.0.0 was resolved.
    75 Warning(s)
    0 Error(s)

Time Elapsed 00:00:04.57
